
  error - screens\analytic
s_screen.dart:182:18 - 
Undefined name 'context'. 
Try correcting the name 
to one that is defined, 
or defining the name. - 
undefined_identifier
  error - screens\analytic
s_screen.dart:184:37 - 
Undefined name 'context'. 
Try correcting the name 
to one that is defined, 
or defining the name. - 
undefined_identifier
  error - screens\analytic
s_screen.dart:189:57 - 
Undefined name 'context'. 
Try correcting the name 
to one that is defined, 
or defining the name. - 
undefined_identifier
  error - screens\analytic
s_screen.dart:192:55 - 
Undefined name 'context'. 
Try correcting the name 
to one that is defined, 
or defining the name. - 
undefined_identifier
  error - screens\analytic
s_screen.dart:408:55 - 
Undefined name 'context'. 
Try correcting the name 
to one that is defined, 
or defining the name. - 
undefined_identifier
  error - screens\analytic
s_screen.dart:410:55 - 
Undefined name 'context'. 
Try correcting the name 
to one that is defined, 
or defining the name. - 
undefined_identifier
  error - screens\dashboar
d_screen.dart:326:92 - 
Invalid constant value. - 
invalid_constant
  error - screens\inventor
y_screen.dart:32:70 - 
Invalid constant value. - 
invalid_constant
  error - screens\inventor
y_screen.dart:156:110 - 
Invalid constant value. - 
invalid_constant
  error - screens\machine_
control_screen.dart:76:58 
- Invalid constant value. 
- invalid_constant
  error - screens\machine_
control_screen.dart:315:81
 - Invalid constant 
value. - invalid_constant
  error - screens\machine_
control_screen.dart:352:32
 - Invalid constant 
value. - invalid_constant
  error - screens\machine_
control_screen.dart:366:55
 - Undefined name 
'context'. Try correcting 
the name to one that is 
defined, or defining the 
name. - 
undefined_identifier
  error - screens\machine_
control_screen.dart:368:55
 - Undefined name 
'context'. Try correcting 
the name to one that is 
defined, or defining the 
name. - 
undefined_identifier
  error - screens\recipes_
screen.dart:76:110 - 
Invalid constant value. - 
invalid_constant
  error - screens\recipes_
screen.dart:180:65 - 
Invalid constant value. - 
invalid_constant
  error - screens\recipes_
screen.dart:241:71 - 
Invalid constant value. - 
invalid_constant
  error - screens\recipes_
screen.dart:246:73 - 
Invalid constant value. - 
invalid_constant
  error - screens\recipes_
screen.dart:260:58 - 
Undefined name 'context'. 
Try correcting the name 
to one that is defined, 
or defining the name. - 
undefined_identifier
  error - screens\recipes_
screen.dart:262:57 - 
Undefined name 'context'. 
Try correcting the name 
to one that is defined, 
or defining the name. - 
undefined_identifier
  error - screens\recipes_
screen.dart:264:55 - 
Undefined name 'context'. 
Try correcting the name 
to one that is defined, 
or defining the name. - 
undefined_identifier
  error - screens\recipes_
screen.dart:273:80 - 
Undefined name 'context'. 
Try correcting the name 
to one that is defined, 
or defining the name. - 
undefined_identifier
  error - screens\recipes_
screen.dart:279:32 - 
Undefined name 'context'. 
Try correcting the name 
to one that is defined, 
or defining the name. - 
undefined_identifier
  error - screens\recipes_
screen.dart:286:94 - 
Undefined name 'context'. 
Try correcting the name 
to one that is defined, 
or defining the name. - 
undefined_identifier
  error - screens\settings
_screen.dart:66:64 - 
Invalid constant value. - 
invalid_constant
  error - screens\settings
_screen.dart:90:32 - 
Invalid constant value. - 
invalid_constant
  error - screens\settings
_screen.dart:106:39 - 
Undefined name 'context'. 
Try correcting the name 
to one that is defined, 
or defining the name. - 
undefined_identifier
  error - screens\settings
_screen.dart:108:55 - 
Undefined name 'context'. 
Try correcting the name 
to one that is defined, 
or defining the name. - 
undefined_identifier
  error - screens\settings
_screen.dart:110:55 - 
Undefined name 'context'. 
Try correcting the name 
to one that is defined, 
or defining the name. - 
undefined_identifier
  error - screens\settings
_screen.dart:139:32 - 
Invalid constant value. - 
invalid_constant
  error - screens\settings
_screen.dart:158:55 - 
Undefined name 'context'. 
Try correcting the name 
to one that is defined, 
or defining the name. - 
undefined_identifier
  error - screens\settings
_screen.dart:160:55 - 
Undefined name 'context'. 
Try correcting the name 
to one that is defined, 
or defining the name. - 
undefined_identifier
  error - screens\settings
_screen.dart:261:51 - 
Invalid constant value. - 
invalid_constant
  error - screens\settings
_screen.dart:286:45 - 
Invalid constant value. - 
invalid_constant
  error - widgets\sidebar.
dart:17:20 - Invalid 
constant value. - 
invalid_constant
  error - widgets\sidebar.
dart:36:40 - Invalid 
constant value. - 
invalid_constant
  error - widgets\sidebar.
dart:70:36 - Invalid 
constant value. - 
invalid_constant
  error - widgets\sidebar.
dart:85:36 - Invalid 
constant value. - 
invalid_constant
  error - widgets\sidebar.
dart:103:64 - Invalid 
constant value. - 
invalid_constant
  error - widgets\sidebar.
dart:170:28 - Invalid 
constant value. - 
invalid_constant
  error - widgets\top_bar.
dart:20:20 - Invalid 
constant value. - 
invalid_constant
  error - widgets\top_bar.
dart:45:54 - Invalid 
constant value. - 
invalid_constant
  error - widgets\top_bar.
dart:98:60 - Invalid 
constant value. - 
invalid_constant
  error - widgets\top_bar.
dart:106:58 - Invalid 
constant value. - 
invalid_constant
  error - widgets\top_bar.
dart:121:110 - Invalid 
constant value. - 
invalid_constant
  error - widgets\top_bar.
dart:133:106 - Invalid 
constant value. - 
invalid_constant
  error - widgets\top_bar.
dart:137:36 - Invalid 
constant value. - 
invalid_constant
  error - widgets\top_bar.
dart:143:69 - Invalid 
constant value. - 
invalid_constant
  error - widgets\top_bar.
dart:164:45 - Undefined 
name 'context'. Try 
correcting the name to 
one that is defined, or 
defining the name. - 
undefined_identifier
  error - widgets\top_bar.
dart:165:45 - Undefined 
name 'context'. Try 
correcting the name to 
one that is defined, or 
defining the name. - 
undefined_identifier
  error - widgets\top_bar.
dart:166:43 - Undefined 
name 'context'. Try 
correcting the name to 
one that is defined, or 
defining the name. - 
undefined_identifier
  error - widgets\top_bar.
dart:167:23 - Undefined 
name 'context'. Try 
correcting the name to 
one that is defined, or 
defining the name. - 
undefined_identifier


